ERC report (2025-05-16T16:42:23+0200, Encoding UTF8)

***** Sheet /Power_supply/
[lib_symbol_issues]: The current configuration does not include the symbol library 'active_probe-altium-import'
    ; warning
    @(106.68 mm, 69.85 mm): Symbol C6 [root_3_TWK107B7104MVHT]
[lib_symbol_issues]: The current configuration does not include the symbol library 'active_probe-altium-import'
    ; warning
    @(106.68 mm, 80.01 mm): Symbol C5 [root_3_TWK107B7104MVHT]
[lib_symbol_issues]: The current configuration does not include the symbol library 'active_probe-altium-import'
    ; warning
    @(187.96 mm, 69.85 mm): Symbol C3 [root_3_T491B226K016AT]
[lib_symbol_issues]: The current configuration does not include the symbol library 'active_probe-altium-import'
    ; warning
    @(187.96 mm, 80.01 mm): Symbol C4 [root_3_T491B226K016AT]
[lib_symbol_issues]: The current configuration does not include the symbol library 'active_probe-altium-import'
    ; warning
    @(179.07 mm, 135.89 mm): Symbol J4 [root_0_901-10511-3]
[power_pin_not_driven]: Input Power pin not driven by any Output Power pins
    ; error
    @(123.19 mm, 38.10 mm): Symbol U3 Pin 5 [IN, Power input, Line]
[multiple_net_names]: Both IN_GND and OUT_GND are attached to the same items; IN_GND will be used in the netlist
    ; warning
    @(101.60 mm, 73.66 mm): Hierarchical Label 'IN_GND'
    @(190.50 mm, 111.76 mm): Hierarchical Label 'OUT_GND'

***** Sheet /
[pin_not_connected]: Pin not connected
    ; error
    @(96.52 mm, 130.81 mm): Symbol U1 Pin 6 [V+, Power input, Line]
[pin_not_connected]: Pin not connected
    ; error
    @(130.81 mm, 128.27 mm): Symbol U2 Pin 6 [V+, Power input, Line]
[pin_not_connected]: Pin not connected
    ; error
    @(130.81 mm, 143.51 mm): Symbol U2 Pin 2 [V-, Power input, Line]

 ** ERC messages: 10  Errors 4  Warnings 6
